  Determining projects to restore...
C:\Users\uches\source\repos\CleanArchitecture\CleanArchitecture.Apii\CleanArchitecture.API.csproj : warning NU1608: Detected package version outside of dependency constraint: MediatR.Extensions.Microsoft.DependencyInjection 11.1.0 requires MediatR (>= 11.0.0 && < 12.0.0) but version MediatR 14.0.0 was resolved. [C:\Users\uches\source\repos\CleanArchitecture\CleanArchitecture.sln]
  All projects are up-to-date for restore.
C:\Users\uches\source\repos\CleanArchitecture\CleanArchitecture.Apii\CleanArchitecture.API.csproj : warning NU1608: Detected package version outside of dependency constraint: MediatR.Extensions.Microsoft.DependencyInjection 11.1.0 requires MediatR (>= 11.0.0 && < 12.0.0) but version MediatR 14.0.0 was resolved.
  CleanArchitecture.Domain -> C:\Users\uches\source\repos\CleanArchitecture\CleanArchitecture.Domain\bin\Debug\net8.0\CleanArchitecture.Domain.dll
C:\Users\uches\source\repos\CleanArchitecture\CleanArchitectureDemo.Application\IRepository\IMovieRepository.cs(1,25): error CS0234: The type or namespace name 'Domain' does not exist in the namespace 'CleanArchitecture' (are you missing an assembly reference?) [C:\Users\uches\source\repos\CleanArchitecture\CleanArchitectureDemo.Application\CleanArchitecture.Application.csproj]
C:\Users\uches\source\repos\CleanArchitecture\CleanArchitectureDemo.Application\IService\IMovieService.cs(1,25): error CS0234: The type or namespace name 'Domain' does not exist in the namespace 'CleanArchitecture' (are you missing an assembly reference?) [C:\Users\uches\source\repos\CleanArchitecture\CleanArchitectureDemo.Application\CleanArchitecture.Application.csproj]
C:\Users\uches\source\repos\CleanArchitecture\CleanArchitectureDemo.Application\Mappings\MappingProfile.cs(3,25): error CS0234: The type or namespace name 'Domain' does not exist in the namespace 'CleanArchitecture' (are you missing an assembly reference?) [C:\Users\uches\source\repos\CleanArchitecture\CleanArchitectureDemo.Application\CleanArchitecture.Application.csproj]
C:\Users\uches\source\repos\CleanArchitecture\CleanArchitectureDemo.Application\Movies\Handlers\CreateMovieCommandHandler.cs(5,25): error CS0234: The type or namespace name 'Domain' does not exist in the namespace 'CleanArchitecture' (are you missing an assembly reference?) [C:\Users\uches\source\repos\CleanArchitecture\CleanArchitectureDemo.Application\CleanArchitecture.Application.csproj]
C:\Users\uches\source\repos\CleanArchitecture\CleanArchitectureDemo.Application\Movies\Handlers\DeleteMovieCommandHandler.cs(4,25): error CS0234: The type or namespace name 'Domain' does not exist in the namespace 'CleanArchitecture' (are you missing an assembly reference?) [C:\Users\uches\source\repos\CleanArchitecture\CleanArchitectureDemo.Application\CleanArchitecture.Application.csproj]
C:\Users\uches\source\repos\CleanArchitecture\CleanArchitectureDemo.Application\Movies\Handlers\GetMovieByIdQueryHandler.cs(6,25): error CS0234: The type or namespace name 'Domain' does not exist in the namespace 'CleanArchitecture' (are you missing an assembly reference?) [C:\Users\uches\source\repos\CleanArchitecture\CleanArchitectureDemo.Application\CleanArchitecture.Application.csproj]
C:\Users\uches\source\repos\CleanArchitecture\CleanArchitectureDemo.Application\Movies\Handlers\UpdateMovieCommandHandler.cs(5,25): error CS0234: The type or namespace name 'Domain' does not exist in the namespace 'CleanArchitecture' (are you missing an assembly reference?) [C:\Users\uches\source\repos\CleanArchitecture\CleanArchitectureDemo.Application\CleanArchitecture.Application.csproj]
C:\Users\uches\source\repos\CleanArchitecture\CleanArchitectureDemo.Application\Service\MovieService.cs(3,25): error CS0234: The type or namespace name 'Domain' does not exist in the namespace 'CleanArchitecture' (are you missing an assembly reference?) [C:\Users\uches\source\repos\CleanArchitecture\CleanArchitectureDemo.Application\CleanArchitecture.Application.csproj]
C:\Users\uches\source\repos\CleanArchitecture\CleanArchitectureDemo.Application\IRepository\IMovieRepository.cs(7,28): error CS0246: The type or namespace name 'Movie' could not be found (are you missing a using directive or an assembly reference?) [C:\Users\uches\source\repos\CleanArchitecture\CleanArchitectureDemo.Application\CleanArchitecture.Application.csproj]
C:\Users\uches\source\repos\CleanArchitecture\CleanArchitectureDemo.Application\IRepository\IMovieRepository.cs(8,14): error CS0246: The type or namespace name 'Movie' could not be found (are you missing a using directive or an assembly reference?) [C:\Users\uches\source\repos\CleanArchitecture\CleanArchitectureDemo.Application\CleanArchitecture.Application.csproj]
C:\Users\uches\source\repos\CleanArchitecture\CleanArchitectureDemo.Application\IRepository\IMovieRepository.cs(9,23): error CS0246: The type or namespace name 'Movie' could not be found (are you missing a using directive or an assembly reference?) [C:\Users\uches\source\repos\CleanArchitecture\CleanArchitectureDemo.Application\CleanArchitecture.Application.csproj]
C:\Users\uches\source\repos\CleanArchitecture\CleanArchitectureDemo.Application\IRepository\IMovieRepository.cs(10,21): error CS0246: The type or namespace name 'Movie' could not be found (are you missing a using directive or an assembly reference?) [C:\Users\uches\source\repos\CleanArchitecture\CleanArchitectureDemo.Application\CleanArchitecture.Application.csproj]
C:\Users\uches\source\repos\CleanArchitecture\CleanArchitectureDemo.Application\IRepository\IMovieRepository.cs(11,21): error CS0246: The type or namespace name 'Movie' could not be found (are you missing a using directive or an assembly reference?) [C:\Users\uches\source\repos\CleanArchitecture\CleanArchitectureDemo.Application\CleanArchitecture.Application.csproj]
C:\Users\uches\source\repos\CleanArchitecture\CleanArchitectureDemo.Application\IService\IMovieService.cs(7,28): error CS0246: The type or namespace name 'Movie' could not be found (are you missing a using directive or an assembly reference?) [C:\Users\uches\source\repos\CleanArchitecture\CleanArchitectureDemo.Application\CleanArchitecture.Application.csproj]
C:\Users\uches\source\repos\CleanArchitecture\CleanArchitectureDemo.Application\Service\MovieService.cs(9,41): error CS0246: The type or namespace name 'Movie' could not be found (are you missing a using directive or an assembly reference?) [C:\Users\uches\source\repos\CleanArchitecture\CleanArchitectureDemo.Application\CleanArchitecture.Application.csproj]

Build FAILED.

C:\Users\uches\source\repos\CleanArchitecture\CleanArchitecture.Apii\CleanArchitecture.API.csproj : warning NU1608: Detected package version outside of dependency constraint: MediatR.Extensions.Microsoft.DependencyInjection 11.1.0 requires MediatR (>= 11.0.0 && < 12.0.0) but version MediatR 14.0.0 was resolved. [C:\Users\uches\source\repos\CleanArchitecture\CleanArchitecture.sln]
C:\Users\uches\source\repos\CleanArchitecture\CleanArchitecture.Apii\CleanArchitecture.API.csproj : warning NU1608: Detected package version outside of dependency constraint: MediatR.Extensions.Microsoft.DependencyInjection 11.1.0 requires MediatR (>= 11.0.0 && < 12.0.0) but version MediatR 14.0.0 was resolved.
C:\Users\uches\source\repos\CleanArchitecture\CleanArchitectureDemo.Application\IRepository\IMovieRepository.cs(1,25): error CS0234: The type or namespace name 'Domain' does not exist in the namespace 'CleanArchitecture' (are you missing an assembly reference?) [C:\Users\uches\source\repos\CleanArchitecture\CleanArchitectureDemo.Application\CleanArchitecture.Application.csproj]
C:\Users\uches\source\repos\CleanArchitecture\CleanArchitectureDemo.Application\IService\IMovieService.cs(1,25): error CS0234: The type or namespace name 'Domain' does not exist in the namespace 'CleanArchitecture' (are you missing an assembly reference?) [C:\Users\uches\source\repos\CleanArchitecture\CleanArchitectureDemo.Application\CleanArchitecture.Application.csproj]
C:\Users\uches\source\repos\CleanArchitecture\CleanArchitectureDemo.Application\Mappings\MappingProfile.cs(3,25): error CS0234: The type or namespace name 'Domain' does not exist in the namespace 'CleanArchitecture' (are you missing an assembly reference?) [C:\Users\uches\source\repos\CleanArchitecture\CleanArchitectureDemo.Application\CleanArchitecture.Application.csproj]
C:\Users\uches\source\repos\CleanArchitecture\CleanArchitectureDemo.Application\Movies\Handlers\CreateMovieCommandHandler.cs(5,25): error CS0234: The type or namespace name 'Domain' does not exist in the namespace 'CleanArchitecture' (are you missing an assembly reference?) [C:\Users\uches\source\repos\CleanArchitecture\CleanArchitectureDemo.Application\CleanArchitecture.Application.csproj]
C:\Users\uches\source\repos\CleanArchitecture\CleanArchitectureDemo.Application\Movies\Handlers\DeleteMovieCommandHandler.cs(4,25): error CS0234: The type or namespace name 'Domain' does not exist in the namespace 'CleanArchitecture' (are you missing an assembly reference?) [C:\Users\uches\source\repos\CleanArchitecture\CleanArchitectureDemo.Application\CleanArchitecture.Application.csproj]
C:\Users\uches\source\repos\CleanArchitecture\CleanArchitectureDemo.Application\Movies\Handlers\GetMovieByIdQueryHandler.cs(6,25): error CS0234: The type or namespace name 'Domain' does not exist in the namespace 'CleanArchitecture' (are you missing an assembly reference?) [C:\Users\uches\source\repos\CleanArchitecture\CleanArchitectureDemo.Application\CleanArchitecture.Application.csproj]
C:\Users\uches\source\repos\CleanArchitecture\CleanArchitectureDemo.Application\Movies\Handlers\UpdateMovieCommandHandler.cs(5,25): error CS0234: The type or namespace name 'Domain' does not exist in the namespace 'CleanArchitecture' (are you missing an assembly reference?) [C:\Users\uches\source\repos\CleanArchitecture\CleanArchitectureDemo.Application\CleanArchitecture.Application.csproj]
C:\Users\uches\source\repos\CleanArchitecture\CleanArchitectureDemo.Application\Service\MovieService.cs(3,25): error CS0234: The type or namespace name 'Domain' does not exist in the namespace 'CleanArchitecture' (are you missing an assembly reference?) [C:\Users\uches\source\repos\CleanArchitecture\CleanArchitectureDemo.Application\CleanArchitecture.Application.csproj]
C:\Users\uches\source\repos\CleanArchitecture\CleanArchitectureDemo.Application\IRepository\IMovieRepository.cs(7,28): error CS0246: The type or namespace name 'Movie' could not be found (are you missing a using directive or an assembly reference?) [C:\Users\uches\source\repos\CleanArchitecture\CleanArchitectureDemo.Application\CleanArchitecture.Application.csproj]
C:\Users\uches\source\repos\CleanArchitecture\CleanArchitectureDemo.Application\IRepository\IMovieRepository.cs(8,14): error CS0246: The type or namespace name 'Movie' could not be found (are you missing a using directive or an assembly reference?) [C:\Users\uches\source\repos\CleanArchitecture\CleanArchitectureDemo.Application\CleanArchitecture.Application.csproj]
C:\Users\uches\source\repos\CleanArchitecture\CleanArchitectureDemo.Application\IRepository\IMovieRepository.cs(9,23): error CS0246: The type or namespace name 'Movie' could not be found (are you missing a using directive or an assembly reference?) [C:\Users\uches\source\repos\CleanArchitecture\CleanArchitectureDemo.Application\CleanArchitecture.Application.csproj]
C:\Users\uches\source\repos\CleanArchitecture\CleanArchitectureDemo.Application\IRepository\IMovieRepository.cs(10,21): error CS0246: The type or namespace name 'Movie' could not be found (are you missing a using directive or an assembly reference?) [C:\Users\uches\source\repos\CleanArchitecture\CleanArchitectureDemo.Application\CleanArchitecture.Application.csproj]
C:\Users\uches\source\repos\CleanArchitecture\CleanArchitectureDemo.Application\IRepository\IMovieRepository.cs(11,21): error CS0246: The type or namespace name 'Movie' could not be found (are you missing a using directive or an assembly reference?) [C:\Users\uches\source\repos\CleanArchitecture\CleanArchitectureDemo.Application\CleanArchitecture.Application.csproj]
C:\Users\uches\source\repos\CleanArchitecture\CleanArchitectureDemo.Application\IService\IMovieService.cs(7,28): error CS0246: The type or namespace name 'Movie' could not be found (are you missing a using directive or an assembly reference?) [C:\Users\uches\source\repos\CleanArchitecture\CleanArchitectureDemo.Application\CleanArchitecture.Application.csproj]
C:\Users\uches\source\repos\CleanArchitecture\CleanArchitectureDemo.Application\Service\MovieService.cs(9,41): error CS0246: The type or namespace name 'Movie' could not be found (are you missing a using directive or an assembly reference?) [C:\Users\uches\source\repos\CleanArchitecture\CleanArchitectureDemo.Application\CleanArchitecture.Application.csproj]
    2 Warning(s)
    15 Error(s)

Time Elapsed 00:00:01.85
